Enter command 'login' to login, or 'cancel' to cancel
> Username: 
Welcome to the auction, bsaccount!
Type: BS	Balance: $100

Menus: 
add = Add balance
bid = Bid on an item
list = List all items available

logout = Log out

What would you like to do? (Type 'menu' to display menu) 
=+=+=+=+=+=+=+=+=+=+=+=+=+=+=+=+=+=+=BID=+=+=+=+=+=+=+=+=+=+=+=+=+=+=+=+=+=+=+=+
Item name to bid: 
Item not exist, please input item name, or cancel to cancel
Item name to bid: 
Item not exist, please input item name, or cancel to cancel
Item name to bid: 
Item not exist, please input item name, or cancel to cancel
Item name to bid: 
Item not exist, please input item name, or cancel to cancel
Item name to bid: 
Item not exist, please input item name, or cancel to cancel
Item name to bid: 
Process is cancelled
=+=+=+=+=+=+=+=+=+=+=+=+=+=+=+=+=+=+=END=+=+=+=+=+=+=+=+=+=+=+=+=+=+=+=+=+=+=+=+

What would you like to do? (Type 'menu' to display menu) Good bye
