Enter command 'login' to login, or 'cancel' to cancel
> Username: 
Welcome to the auction, admin!
Type: AA	Balance: $1e+06

Menus: 
add = Add balance
advertise = Advertise an item
bid = Bid on an item
create = Create new user
delete = Delete a user
refund = Refund an item

list = List all items available

logout = Log out

What would you like to do? (Type 'menu' to display menu) 
=+=+=+=+=+=+=+=+=+=+=+=+=+=+=+=+=+=REFUND+=+=+=+=+=+=+=+=+=+=+=+=+=+=+=+=+=+=+=+
Enter BUYER username
Username: 
Buyer does not exist
Enter BUYER username or cancel to cancel
Username: 
Buyer does not exist
Enter BUYER username or cancel to cancel
Username: 
Enter SELLER username
Username: 
Enter credit to be returned
Credit: $
Balance of SELLER will be negative after refund process
Process is cancelled
=+=+=+=+=+=+=+=+=+=+=+=+=+=+=+=+=+=+=END=+=+=+=+=+=+=+=+=+=+=+=+=+=+=+=+=+=+=+=+

What would you like to do? (Type 'menu' to display menu) 
=+=+=+=+=+=+=+=+=+=+=+=+=+=+=+=+=+=REFUND+=+=+=+=+=+=+=+=+=+=+=+=+=+=+=+=+=+=+=+
Enter BUYER username
Username: 
Enter SELLER username
Username: 
Enter credit to be returned
Credit: $
Refund process is done
=+=+=+=+=+=+=+=+=+=+=+=+=+=+=+=+=+=+=END=+=+=+=+=+=+=+=+=+=+=+=+=+=+=+=+=+=+=+=+

What would you like to do? (Type 'menu' to display menu) Good bye
