Enter command 'login' to login, or 'cancel' to cancel
> Username: 
Welcome to the auction, admin!
Type: AA	Balance: $1e+06

Menus: 
add = Add balance
advertise = Advertise an item
bid = Bid on an item
create = Create new user
delete = Delete a user
refund = Refund an item

list = List all items available

logout = Log out

What would you like to do? (Type 'menu' to display menu) 
+=+=+=+=+=+=+=+=+=+=+=+=+=+=+=+=+=ADD CREDIT=+=+=+=+=+=+=+=+=+=+=+=+=+=+=+=+=+=+
How much money to add? Max $1000.00 per day. (e.g. 12.45 to add $12.45)
Your max credit to add this session is only $1000.00
Enter credit or cancel to cancel
Add balance: $
Input target username
Username: 
Output: add credit process is done
=+=+=+=+=+=+=+=+=+=+=+=+=+=+=+=+=+=+=END=+=+=+=+=+=+=+=+=+=+=+=+=+=+=+=+=+=+=+=+

What would you like to do? (Type 'menu' to display menu) Good bye
